2025-05-28T17:34:31.288+0800 [31mERROR[0m service/service.go:123 open db error: dial tcp: lookup mysql: no such host rpcServer
2025-05-28T17:35:14.336+0800 [31mERROR[0m service/service.go:127 open db error: dial tcp: lookup mysql: no such host rpcServer
2025-05-28T17:36:23.804+0800 [31mERROR[0m service/service.go:123 open db error: dial tcp: lookup mysql: no such host rpcServer
2025-05-29T13:38:23.513+0800 [31mERROR[0m service/service.go:126 open db error: dial tcp: lookup mysql: no such host rpcServer
2025-05-29T13:41:03.521+0800 [31mERROR[0m service/service.go:126 open db error: dial tcp: lookup mysql: no such host rpcServer
2025-05-29T13:42:24.372+0800 [31mERROR[0m service/service.go:129 open db error: dial tcp: lookup mysql: no such host rpcServer
2025-05-29T13:43:11.492+0800 [31mERROR[0m service/service.go:129 open db error: dial tcp: lookup mysql: no such host rpcServer
2025-05-29T13:44:57.493+0800 [31mERROR[0m service/service.go:129 open db error: dial tcp: lookup mysql: no such host rpcServer
2025-05-29T13:44:57.545+0800 [34mINFO[0m service/service.go:146 mqtt connect success
2025-05-29T13:44:57.545+0800 [31mERROR[0m service/service.go:164 influxdb init error: Get "/124.221.189.137/ping": unsupported protocol scheme ""
2025-05-29T13:45:48.701+0800 [31mERROR[0m service/service.go:129 open db error: dial tcp: lookup mysql: no such host rpcServer
2025-05-29T13:45:48.744+0800 [34mINFO[0m service/service.go:146 mqtt connect success
2025-05-29T13:45:48.745+0800 [31mERROR[0m service/service.go:164 influxdb init error: Get "/124.221.189.137/ping": unsupported protocol scheme ""
2025-05-29T13:46:13.526+0800 [31mERROR[0m service/service.go:129 open db error: dial tcp: lookup mysql: no such host rpcServer
2025-05-29T13:46:13.566+0800 [34mINFO[0m service/service.go:146 mqtt connect success
2025-05-29T13:46:13.710+0800 [34mINFO[0m server/server.go:342 Server starting ( [::]:43696 )
2025-05-29T13:46:13.710+0800 [34mINFO[0m server/server.go:343 Server start success.
2025-05-29T13:47:09.219+0800 [34mINFO[0m service/service.go:272 got stop signal, exit...
2025-05-29T13:47:11.717+0800 [31mERROR[0m service/service.go:129 open db error: dial tcp: lookup mysql: no such host rpcServer
2025-05-29T13:47:11.748+0800 [34mINFO[0m service/service.go:146 mqtt connect success
2025-05-29T13:47:11.849+0800 [34mINFO[0m server/server.go:342 Server starting ( [::]:43696 )
2025-05-29T13:47:11.849+0800 [34mINFO[0m server/server.go:343 Server start success.
2025-05-29T13:53:48.332+0800 [34mINFO[0m service/service.go:272 got stop signal, exit...
2025-05-29T13:53:50.555+0800 [31mERROR[0m service/service.go:129 open db error: dial tcp: lookup mysql: no such host rpcServer
2025-05-29T13:53:50.589+0800 [34mINFO[0m service/service.go:146 mqtt connect success
2025-05-29T13:53:50.777+0800 [34mINFO[0m server/server.go:342 Server starting ( [::]:43696 )
2025-05-29T13:53:50.777+0800 [34mINFO[0m server/server.go:343 Server start success.
2025-05-29T14:38:12.672+0800 [34mINFO[0m service/service.go:272 got stop signal, exit...
2025-05-29T14:42:42.336+0800 [31mERROR[0m service/service.go:129 open db error: dial tcp: lookup mysql: no such host rpcServer
2025-05-29T14:42:42.381+0800 [34mINFO[0m service/service.go:146 mqtt connect success
2025-05-29T14:42:42.498+0800 [34mINFO[0m server/server.go:342 Server starting ( [::]:43696 )
2025-05-29T14:42:42.498+0800 [34mINFO[0m server/server.go:343 Server start success.
2025-05-29T14:43:18.167+0800 [34mINFO[0m service/service.go:272 got stop signal, exit...
2025-05-29T14:43:47.062+0800 [31mERROR[0m service/service.go:129 open db error: dial tcp: lookup mysql: no such host rpcServer
2025-05-29T14:43:47.101+0800 [34mINFO[0m service/service.go:146 mqtt connect success
2025-05-29T14:43:47.215+0800 [34mINFO[0m server/server.go:342 Server starting ( [::]:43696 )
2025-05-29T14:43:47.215+0800 [34mINFO[0m server/server.go:343 Server start success.
2025-05-29T14:43:53.236+0800 [34mINFO[0m service/service.go:272 got stop signal, exit...
2025-05-29T14:44:27.829+0800 [31mERROR[0m service/service.go:129 open db error: dial tcp: lookup mysql: no such host rpcServer
2025-05-29T14:44:27.864+0800 [34mINFO[0m service/service.go:146 mqtt connect success
2025-05-29T14:44:27.983+0800 [34mINFO[0m server/server.go:342 Server starting ( [::]:43696 )
2025-05-29T14:44:27.983+0800 [34mINFO[0m server/server.go:343 Server start success.
2025-05-29T14:44:34.605+0800 [34mINFO[0m service/service.go:272 got stop signal, exit...
2025-05-29T14:51:01.618+0800 [31mERROR[0m service/service.go:129 open db error: dial tcp: lookup mysql: no such host rpcServer
2025-05-29T14:51:01.651+0800 [34mINFO[0m service/service.go:146 mqtt connect success
2025-05-29T14:51:01.772+0800 [34mINFO[0m server/server.go:342 Server starting ( [::]:43696 )
2025-05-29T14:51:01.772+0800 [34mINFO[0m server/server.go:343 Server start success.
2025-05-29T14:52:05.625+0800 [34mINFO[0m service/service.go:272 got stop signal, exit...
2025-05-29T14:52:07.875+0800 [31mERROR[0m service/service.go:129 open db error: dial tcp: lookup mysql: no such host rpcServer
2025-05-29T14:52:07.907+0800 [34mINFO[0m service/service.go:146 mqtt connect success
2025-05-29T14:52:08.017+0800 [34mINFO[0m server/server.go:342 Server starting ( [::]:43696 )
2025-05-29T14:52:08.017+0800 [34mINFO[0m server/server.go:343 Server start success.
2025-05-29T14:52:21.420+0800 [34mINFO[0m service/service.go:272 got stop signal, exit...
2025-05-29T14:53:38.213+0800 [31mERROR[0m service/service.go:122 open db error: dial tcp: lookup mysql: no such host rpcServer
2025-05-29T14:53:38.235+0800 [34mINFO[0m service/service.go:139 mqtt connect success
2025-05-29T14:53:38.355+0800 [34mINFO[0m server/server.go:342 Server starting ( [::]:43696 )
2025-05-29T14:53:38.356+0800 [34mINFO[0m server/server.go:343 Server start success.
2025-05-29T14:53:51.364+0800 [34mINFO[0m service/service.go:264 got stop signal, exit...
2025-05-29T14:54:05.282+0800 [31mERROR[0m service/service.go:122 open db error: dial tcp: lookup mysql: no such host rpcServer
2025-05-29T14:54:05.315+0800 [34mINFO[0m service/service.go:139 mqtt connect success
2025-05-29T14:54:05.448+0800 [34mINFO[0m server/server.go:342 Server starting ( [::]:43696 )
2025-05-29T14:54:05.449+0800 [34mINFO[0m server/server.go:343 Server start success.
2025-05-29T14:54:11.124+0800 [34mINFO[0m service/service.go:264 got stop signal, exit...
2025-05-29T14:54:11.124+0800 [34mINFO[0m server/server.go:336 Server shutting down
2025-05-29T14:54:11.125+0800 [34mINFO[0m server/server.go:339 Server shut down
2025-05-29T14:54:11.125+0800 [34mINFO[0m server/server.go:354 Server stopped
2025-05-30T15:13:13.520+0800 [31mERROR[0m service/service.go:305 init meta bases db error: failed to connect to meta bases: dial tcp: lookup mysql: no such host
2025-05-30T15:18:24.148+0800 [34mINFO[0m server/server.go:340 Server starting ( [::]:43696 )
2025-05-30T15:18:24.149+0800 [34mINFO[0m server/server.go:341 Server start success.
2025-05-30T15:18:31.215+0800 [34mINFO[0m service/service.go:419 got stop signal, exit...
2025-05-30T15:18:31.215+0800 [34mINFO[0m server/server.go:334 Server shutting down
2025-05-30T15:18:31.216+0800 [34mINFO[0m server/server.go:352 Server stopped
2025-05-30T15:18:31.216+0800 [34mINFO[0m server/server.go:337 Server shut down
2025-05-30T15:22:48.966+0800 [34mINFO[0m server/server.go:340 Server starting ( [::]:43696 )
2025-05-30T15:22:48.968+0800 [34mINFO[0m server/server.go:341 Server start success.
2025-05-30T15:22:59.391+0800 [34mINFO[0m service/service.go:420 got stop signal, exit...
2025-05-30T15:22:59.392+0800 [34mINFO[0m server/server.go:334 Server shutting down
2025-05-30T15:22:59.392+0800 [34mINFO[0m server/server.go:337 Server shut down
2025-05-30T15:22:59.392+0800 [34mINFO[0m server/server.go:352 Server stopped
2025-05-30T15:23:38.270+0800 [34mINFO[0m server/server.go:340 Server starting ( [::]:43696 )
2025-05-30T15:23:38.271+0800 [34mINFO[0m server/server.go:341 Server start success.
2025-05-30T15:24:05.635+0800 [34mINFO[0m service/service.go:420 got stop signal, exit...
2025-05-30T15:24:05.636+0800 [34mINFO[0m server/server.go:334 Server shutting down
2025-05-30T15:24:05.636+0800 [34mINFO[0m server/server.go:337 Server shut down
2025-05-30T15:24:05.636+0800 [34mINFO[0m server/server.go:352 Server stopped
2025-05-30T15:24:18.696+0800 [34mINFO[0m server/server.go:340 Server starting ( [::]:43696 )
2025-05-30T15:24:18.696+0800 [34mINFO[0m server/server.go:341 Server start success.
2025-05-30T15:24:42.210+0800 [34mINFO[0m server/server.go:340 Server starting ( [::]:43696 )
2025-05-30T15:24:42.211+0800 [34mINFO[0m server/server.go:341 Server start success.
2025-05-30T15:24:53.389+0800 [34mINFO[0m service/service.go:420 got stop signal, exit...
2025-05-30T15:24:53.389+0800 [34mINFO[0m server/server.go:334 Server shutting down
2025-05-30T15:24:53.389+0800 [34mINFO[0m server/server.go:337 Server shut down
2025-05-30T15:24:53.389+0800 [34mINFO[0m server/server.go:352 Server stopped
2025-05-30T15:29:27.719+0800 [31mERROR[0m service/service.go:319 init data bases db error: Get "/ping": unsupported protocol scheme ""
2025-05-30T15:29:39.187+0800 [31mERROR[0m service/service.go:319 init data bases db error: Get "/ping": unsupported protocol scheme ""
2025-05-30T15:30:09.258+0800 [31mERROR[0m service/service.go:309 init meta bases db error: failed to connect to meta bases: dial tcp: lookup 124.221.189.1371: no such host
2025-05-30T15:31:37.873+0800 [31mERROR[0m service/service.go:309 init meta bases db error: failed to connect to meta bases: dial tcp 124.221.189.37:3306: connect: operation timed out
2025-05-30T15:38:13.368+0800 [31mERROR[0m service/service.go:308 init meta bases db error: failed to connect to meta bases: dial tcp 124.221.189.37:3306: connect: operation timed out
2025-05-30T15:40:04.405+0800 [31mERROR[0m service/service.go:308 init meta bases db error: failed to connect to meta bases: dial tcp 124.221.189.37:3306: connect: operation timed out
2025-05-30T15:41:39.105+0800 [31mERROR[0m service/service.go:308 init meta bases db error: failed to connect to meta bases: dial tcp 124.221.189.37:3306: connect: operation timed out
2025-05-30T15:43:42.727+0800 [31mERROR[0m service/service.go:308 init meta bases db error: failed to connect to meta bases: dial tcp 124.221.189.37:3306: i/o timeout
2025-05-30T15:53:32.538+0800 [31mERROR[0m service/service.go:316 init message queue error: network Error : dial tcp 124.221.189.137:5809: i/o timeout
2025-05-30T15:53:48.455+0800 [31mERROR[0m service/service.go:316 init message queue error: network Error : dial tcp 124.221.189.137:5809: i/o timeout
2025-05-30T15:54:10.316+0800 [31mERROR[0m service/service.go:316 init message queue error: network Error : dial tcp 124.221.189.13:58090: i/o timeout
2025-05-30T15:55:38.155+0800 [31mERROR[0m service/service.go:316 init message queue error: network Error : dial tcp 124.221.189.13:58090: i/o timeout
2025-05-30T15:57:35.496+0800 [31mERROR[0m service/service.go:311 init message queue error: network Error : dial tcp 124.221.189.13:58090: i/o timeout
2025-05-30T15:58:06.332+0800 [31mERROR[0m service/service.go:306 init meta bases db error: failed to connect to meta bases: Error 1049 (42000): Unknown database 'hummigbird'
2025-05-30T16:00:28.875+0800 [31mERROR[0m service/service.go:316 init data bases db error: Get "/ping": unsupported protocol scheme ""
2025-05-30T16:02:09.785+0800 [34mINFO[0m server/server.go:340 Server starting ( [::]:43696 )
2025-05-30T16:02:09.787+0800 [34mINFO[0m server/server.go:341 Server start success.
2025-05-30T16:02:21.410+0800 [34mINFO[0m service/service.go:424 got stop signal, exit...
2025-05-30T16:02:21.410+0800 [34mINFO[0m server/server.go:334 Server shutting down
2025-05-30T16:02:21.410+0800 [34mINFO[0m server/server.go:337 Server shut down
2025-05-30T16:02:21.410+0800 [34mINFO[0m server/server.go:352 Server stopped
2025-05-30T16:02:28.265+0800 [31mERROR[0m service/service.go:316 init data bases db error: Get "http://124.221.189.13:8086/ping": dial tcp 124.221.189.13:8086: i/o timeout
2025-05-30T16:04:08.917+0800 [34mINFO[0m server/server.go:340 Server starting ( [::]:43696 )
2025-05-30T16:04:08.918+0800 [34mINFO[0m server/server.go:341 Server start success.
2025-05-30T16:04:15.368+0800 [34mINFO[0m service/service.go:424 got stop signal, exit...
2025-05-30T16:04:15.368+0800 [34mINFO[0m server/server.go:334 Server shutting down
2025-05-30T16:04:15.368+0800 [34mINFO[0m server/server.go:337 Server shut down
2025-05-30T16:04:15.368+0800 [34mINFO[0m server/server.go:352 Server stopped
2025-05-30T16:04:17.747+0800 [34mINFO[0m server/server.go:340 Server starting ( [::]:43696 )
2025-05-30T16:04:17.748+0800 [34mINFO[0m server/server.go:341 Server start success.
2025-05-30T16:05:16.498+0800 [34mINFO[0m service/service.go:424 got stop signal, exit...
2025-05-30T16:05:16.498+0800 [34mINFO[0m server/server.go:334 Server shutting down
2025-05-30T16:05:16.499+0800 [34mINFO[0m server/server.go:337 Server shut down
2025-05-30T16:05:16.499+0800 [34mINFO[0m server/server.go:352 Server stopped
2025-05-30T16:05:20.386+0800 [34mINFO[0m server/server.go:340 Server starting ( [::]:43696 )
2025-05-30T16:05:20.387+0800 [34mINFO[0m server/server.go:341 Server start success.
2025-05-30T16:06:52.453+0800 [34mINFO[0m service/service.go:424 got stop signal, exit...
2025-05-30T16:06:52.454+0800 [34mINFO[0m server/server.go:334 Server shutting down
2025-05-30T16:06:52.454+0800 [34mINFO[0m server/server.go:352 Server stopped
2025-05-30T16:06:52.454+0800 [34mINFO[0m server/server.go:337 Server shut down
2025-05-30T16:09:01.269+0800 [34mINFO[0m server/server.go:340 Server starting ( [::]:43696 )
2025-05-30T16:09:01.270+0800 [34mINFO[0m server/server.go:341 Server start success.
2025-05-30T16:09:30.838+0800 [34mINFO[0m service/service.go:424 got stop signal, exit...
2025-05-30T16:09:30.838+0800 [34mINFO[0m server/server.go:334 Server shutting down
2025-05-30T16:09:30.838+0800 [34mINFO[0m server/server.go:337 Server shut down
2025-05-30T16:09:30.838+0800 [34mINFO[0m server/server.go:352 Server stopped
2025-05-30T16:09:33.797+0800 [34mINFO[0m server/server.go:340 Server starting ( [::]:43696 )
2025-05-30T16:09:33.798+0800 [34mINFO[0m server/server.go:341 Server start success.
2025-05-30T16:09:45.256+0800 [34mINFO[0m service/service.go:424 got stop signal, exit...
2025-05-30T16:09:45.262+0800 [34mINFO[0m server/server.go:334 Server shutting down
2025-05-30T16:09:45.271+0800 [34mINFO[0m server/server.go:337 Server shut down
2025-05-30T16:09:45.271+0800 [34mINFO[0m server/server.go:352 Server stopped
2025-05-31T14:24:12.024+0800 [31mERROR[0m service/service.go:306 init meta bases db error: failed to connect to meta bases: dial tcp: lookup *.221.189.137: no such host
2025-05-31T20:35:16.459+0800 [31mERROR[0m service/service.go:306 init meta bases db error: failed to connect to meta bases: dial tcp: lookup *.221.189.137: i/o timeout
2025-05-31T20:35:36.073+0800 [34mINFO[0m server/server.go:340 Server starting ( [::]:43696 )
2025-05-31T20:35:36.074+0800 [34mINFO[0m server/server.go:341 Server start success.
2025-05-31T20:36:03.378+0800 [34mINFO[0m service/service.go:424 got stop signal, exit...
2025-05-31T20:36:03.379+0800 [34mINFO[0m server/server.go:334 Server shutting down
2025-05-31T20:36:03.379+0800 [34mINFO[0m server/server.go:337 Server shut down
2025-05-31T20:36:03.379+0800 [34mINFO[0m server/server.go:352 Server stopped
2025-05-31T20:36:06.990+0800 [34mINFO[0m server/server.go:340 Server starting ( [::]:43696 )
2025-05-31T20:36:06.991+0800 [34mINFO[0m server/server.go:341 Server start success.
2025-05-31T20:36:40.722+0800 [34mINFO[0m server/server.go:340 Server starting ( [::]:43696 )
2025-05-31T20:36:40.724+0800 [34mINFO[0m server/server.go:341 Server start success.
2025-05-31T20:36:52.098+0800 [34mINFO[0m service/service.go:424 got stop signal, exit...
2025-05-31T20:36:52.098+0800 [34mINFO[0m server/server.go:334 Server shutting down
2025-05-31T20:36:52.099+0800 [34mINFO[0m server/server.go:352 Server stopped
2025-05-31T20:36:52.099+0800 [34mINFO[0m server/server.go:337 Server shut down
2025-06-01T09:37:24.508+0800 [34mINFO[0m server/server.go:340 Server starting ( [::]:43696 )
2025-06-01T09:37:24.510+0800 [34mINFO[0m server/server.go:341 Server start success.
2025-06-01T09:37:29.759+0800 [34mINFO[0m service/service.go:424 got stop signal, exit...
2025-06-01T09:37:29.759+0800 [34mINFO[0m server/server.go:334 Server shutting down
2025-06-01T09:37:29.760+0800 [34mINFO[0m server/server.go:337 Server shut down
2025-06-01T09:37:29.760+0800 [34mINFO[0m server/server.go:352 Server stopped
2025-06-01T09:38:04.556+0800 [34mINFO[0m server/server.go:340 Server starting ( [::]:43696 )
2025-06-01T09:38:04.557+0800 [34mINFO[0m server/server.go:341 Server start success.
2025-06-01T09:39:11.983+0800 [34mINFO[0m service/service.go:424 got stop signal, exit...
2025-06-01T09:39:11.984+0800 [34mINFO[0m server/server.go:334 Server shutting down
2025-06-01T09:39:11.984+0800 [34mINFO[0m server/server.go:337 Server shut down
2025-06-01T09:39:11.984+0800 [34mINFO[0m server/server.go:352 Server stopped
2025-06-01T09:39:15.160+0800 [34mINFO[0m server/server.go:340 Server starting ( [::]:43696 )
2025-06-01T09:39:15.161+0800 [34mINFO[0m server/server.go:341 Server start success.
2025-06-01T09:40:08.048+0800 [34mINFO[0m service/service.go:424 got stop signal, exit...
2025-06-01T09:40:08.049+0800 [34mINFO[0m server/server.go:334 Server shutting down
2025-06-01T09:40:08.050+0800 [34mINFO[0m server/server.go:352 Server stopped
2025-06-01T09:40:08.050+0800 [34mINFO[0m server/server.go:337 Server shut down
2025-06-01T09:41:12.252+0800 [34mINFO[0m server/server.go:340 Server starting ( [::]:43696 )
2025-06-01T09:41:12.253+0800 [34mINFO[0m server/server.go:341 Server start success.
2025-06-01T09:41:15.030+0800 [34mINFO[0m service/service.go:425 got stop signal, exit...
2025-06-01T09:41:15.030+0800 [34mINFO[0m server/server.go:334 Server shutting down
2025-06-01T09:41:15.030+0800 [34mINFO[0m server/server.go:337 Server shut down
2025-06-01T09:41:15.030+0800 [34mINFO[0m server/server.go:352 Server stopped
2025-06-01T09:42:55.964+0800 [34mINFO[0m server/server.go:340 Server starting ( [::]:43696 )
2025-06-01T09:42:55.965+0800 [34mINFO[0m server/server.go:341 Server start success.
2025-06-01T09:42:59.552+0800 [34mINFO[0m service/service.go:425 got stop signal, exit...
2025-06-01T09:42:59.552+0800 [34mINFO[0m server/server.go:334 Server shutting down
2025-06-01T09:42:59.553+0800 [34mINFO[0m server/server.go:337 Server shut down
2025-06-01T09:42:59.553+0800 [34mINFO[0m server/server.go:352 Server stopped
2025-06-01T09:43:39.203+0800 [34mINFO[0m server/server.go:340 Server starting ( [::]:43696 )
2025-06-01T09:43:39.203+0800 [34mINFO[0m server/server.go:341 Server start success.
2025-06-01T09:44:16.663+0800 [34mINFO[0m service/service.go:427 got stop signal, exit...
2025-06-01T09:44:16.664+0800 [34mINFO[0m server/server.go:334 Server shutting down
2025-06-01T09:44:16.665+0800 [34mINFO[0m server/server.go:337 Server shut down
2025-06-01T09:44:16.665+0800 [34mINFO[0m server/server.go:352 Server stopped
2025-06-01T09:44:19.749+0800 [34mINFO[0m server/server.go:340 Server starting ( [::]:43696 )
2025-06-01T09:44:19.749+0800 [34mINFO[0m server/server.go:341 Server start success.
2025-06-01T09:45:51.221+0800 [34mINFO[0m service/service.go:427 got stop signal, exit...
2025-06-01T09:45:51.221+0800 [34mINFO[0m server/server.go:334 Server shutting down
2025-06-01T09:45:51.222+0800 [34mINFO[0m server/server.go:337 Server shut down
2025-06-01T09:45:51.222+0800 [34mINFO[0m server/server.go:352 Server stopped
2025-06-01T09:45:54.504+0800 [34mINFO[0m server/server.go:340 Server starting ( [::]:43696 )
2025-06-01T09:45:54.504+0800 [34mINFO[0m server/server.go:341 Server start success.
2025-06-01T09:49:33.117+0800 [34mINFO[0m service/service.go:427 got stop signal, exit...
2025-06-01T09:49:33.119+0800 [34mINFO[0m server/server.go:334 Server shutting down
2025-06-01T09:49:33.119+0800 [34mINFO[0m server/server.go:352 Server stopped
2025-06-01T09:49:33.119+0800 [34mINFO[0m server/server.go:337 Server shut down
2025-07-05T16:55:27.232+0800 [34mINFO[0m server/server.go:340 Server starting ( [::]:43696 )
2025-07-05T16:55:27.233+0800 [34mINFO[0m server/server.go:341 Server start success.
2025-07-05T16:55:36.527+0800 [34mINFO[0m service/service.go:488 got stop signal, exit...
2025-07-05T16:55:36.527+0800 [34mINFO[0m server/server.go:334 Server shutting down
2025-07-05T16:55:36.528+0800 [34mINFO[0m server/server.go:337 Server shut down
2025-07-05T16:55:36.528+0800 [34mINFO[0m server/server.go:352 Server stopped
2025-07-05T16:58:01.900+0800 [34mINFO[0m server/server.go:340 Server starting ( [::]:43696 )
2025-07-05T16:58:01.901+0800 [34mINFO[0m server/server.go:341 Server start success.
2025-07-05T16:58:06.461+0800 [34mINFO[0m service/service.go:489 got stop signal, exit...
2025-07-05T16:58:06.461+0800 [34mINFO[0m server/server.go:334 Server shutting down
2025-07-05T16:58:06.462+0800 [34mINFO[0m server/server.go:337 Server shut down
2025-07-05T16:58:06.462+0800 [34mINFO[0m server/server.go:352 Server stopped
2025-07-05T17:00:22.667+0800 [34mINFO[0m server/server.go:340 Server starting ( [::]:43696 )
2025-07-05T17:00:22.668+0800 [34mINFO[0m server/server.go:341 Server start success.
2025-07-05T17:00:28.020+0800 [34mINFO[0m service/service.go:488 got stop signal, exit...
2025-07-05T17:00:28.020+0800 [34mINFO[0m server/server.go:334 Server shutting down
2025-07-05T17:00:28.021+0800 [34mINFO[0m server/server.go:337 Server shut down
2025-07-05T17:00:28.021+0800 [34mINFO[0m server/server.go:352 Server stopped
2025-07-05T17:01:20.066+0800 [34mINFO[0m server/server.go:340 Server starting ( [::]:43696 )
2025-07-05T17:01:20.068+0800 [34mINFO[0m server/server.go:341 Server start success.
2025-07-05T17:01:21.680+0800 [34mINFO[0m service/service.go:488 got stop signal, exit...
2025-07-05T17:01:21.680+0800 [34mINFO[0m server/server.go:334 Server shutting down
2025-07-05T17:01:21.681+0800 [34mINFO[0m server/server.go:337 Server shut down
2025-07-05T17:01:21.681+0800 [34mINFO[0m server/server.go:352 Server stopped
2025-07-05T17:02:12.443+0800 [34mINFO[0m server/server.go:340 Server starting ( [::]:43696 )
2025-07-05T17:02:12.445+0800 [34mINFO[0m server/server.go:341 Server start success.
2025-07-05T17:02:14.480+0800 [34mINFO[0m service/service.go:488 got stop signal, exit...
2025-07-05T17:02:14.480+0800 [34mINFO[0m server/server.go:334 Server shutting down
2025-07-05T17:02:14.481+0800 [34mINFO[0m server/server.go:337 Server shut down
2025-07-05T17:02:14.481+0800 [34mINFO[0m server/server.go:352 Server stopped
2025-07-05T17:03:05.148+0800 [34mINFO[0m server/server.go:340 Server starting ( [::]:43696 )
2025-07-05T17:03:05.149+0800 [34mINFO[0m server/server.go:341 Server start success.
2025-07-05T17:03:07.471+0800 [34mINFO[0m service/service.go:488 got stop signal, exit...
2025-07-05T17:03:07.471+0800 [34mINFO[0m server/server.go:334 Server shutting down
2025-07-05T17:03:07.471+0800 [34mINFO[0m server/server.go:352 Server stopped
2025-07-05T17:03:07.471+0800 [34mINFO[0m server/server.go:337 Server shut down
2025-07-05T17:03:38.133+0800 [34mINFO[0m server/server.go:340 Server starting ( [::]:43696 )
2025-07-05T17:03:38.134+0800 [34mINFO[0m server/server.go:341 Server start success.
2025-07-05T17:03:42.989+0800 [34mINFO[0m service/service.go:488 got stop signal, exit...
2025-07-05T17:03:42.989+0800 [34mINFO[0m server/server.go:334 Server shutting down
2025-07-05T17:03:42.990+0800 [34mINFO[0m server/server.go:337 Server shut down
2025-07-05T17:03:42.990+0800 [34mINFO[0m server/server.go:352 Server stopped
2025-07-05T17:04:24.759+0800 [34mINFO[0m server/server.go:340 Server starting ( [::]:43696 )
2025-07-05T17:04:24.760+0800 [34mINFO[0m server/server.go:341 Server start success.
2025-07-05T17:04:27.170+0800 [34mINFO[0m service/service.go:488 got stop signal, exit...
2025-07-05T17:04:27.170+0800 [34mINFO[0m server/server.go:334 Server shutting down
2025-07-05T17:04:27.171+0800 [34mINFO[0m server/server.go:337 Server shut down
2025-07-05T17:04:27.171+0800 [34mINFO[0m server/server.go:352 Server stopped
2025-07-05T17:07:33.439+0800 [34mINFO[0m server/server.go:340 Server starting ( [::]:43696 )
2025-07-05T17:07:33.440+0800 [34mINFO[0m server/server.go:341 Server start success.
2025-07-05T17:07:36.929+0800 [34mINFO[0m service/service.go:488 got stop signal, exit...
2025-07-05T17:07:36.930+0800 [34mINFO[0m server/server.go:334 Server shutting down
2025-07-05T17:07:36.930+0800 [34mINFO[0m server/server.go:337 Server shut down
2025-07-05T17:07:36.930+0800 [34mINFO[0m server/server.go:352 Server stopped
2025-07-05T17:19:28.482+0800 [34mINFO[0m server/server.go:340 Server starting ( [::]:43696 )
2025-07-05T17:19:28.484+0800 [34mINFO[0m server/server.go:341 Server start success.
2025-07-05T17:19:38.534+0800 [34mINFO[0m service/service.go:488 got stop signal, exit...
2025-07-05T17:19:38.534+0800 [34mINFO[0m server/server.go:334 Server shutting down
2025-07-05T17:19:38.535+0800 [34mINFO[0m server/server.go:337 Server shut down
2025-07-05T17:19:38.535+0800 [34mINFO[0m server/server.go:352 Server stopped
2025-07-05T17:19:53.377+0800 [34mINFO[0m server/server.go:340 Server starting ( [::]:43696 )
2025-07-05T17:19:53.378+0800 [34mINFO[0m server/server.go:341 Server start success.
2025-07-05T17:19:56.742+0800 [34mINFO[0m service/service.go:488 got stop signal, exit...
2025-07-05T17:19:56.742+0800 [34mINFO[0m server/server.go:334 Server shutting down
2025-07-05T17:19:56.743+0800 [34mINFO[0m server/server.go:337 Server shut down
2025-07-05T17:19:56.743+0800 [34mINFO[0m server/server.go:352 Server stopped
2025-07-05T17:20:16.140+0800 [34mINFO[0m server/server.go:340 Server starting ( [::]:43696 )
2025-07-05T17:20:16.141+0800 [34mINFO[0m server/server.go:341 Server start success.
2025-07-05T17:20:20.674+0800 [34mINFO[0m service/service.go:488 got stop signal, exit...
2025-07-05T17:20:20.674+0800 [34mINFO[0m server/server.go:334 Server shutting down
2025-07-05T17:20:20.674+0800 [34mINFO[0m server/server.go:352 Server stopped
2025-07-05T17:20:20.674+0800 [34mINFO[0m server/server.go:337 Server shut down
2025-07-05T17:20:25.808+0800 [34mINFO[0m server/server.go:340 Server starting ( [::]:43696 )
2025-07-05T17:20:25.808+0800 [34mINFO[0m server/server.go:341 Server start success.
2025-07-05T17:20:33.768+0800 [34mINFO[0m service/service.go:488 got stop signal, exit...
2025-07-05T17:20:33.768+0800 [34mINFO[0m server/server.go:334 Server shutting down
2025-07-05T17:20:33.768+0800 [34mINFO[0m server/server.go:337 Server shut down
2025-07-05T17:20:33.768+0800 [34mINFO[0m server/server.go:352 Server stopped
2025-07-05T17:20:43.623+0800 [34mINFO[0m server/server.go:340 Server starting ( [::]:43696 )
2025-07-05T17:20:43.624+0800 [34mINFO[0m server/server.go:341 Server start success.
2025-07-05T17:20:51.945+0800 [34mINFO[0m service/service.go:488 got stop signal, exit...
2025-07-05T17:20:51.945+0800 [34mINFO[0m server/server.go:334 Server shutting down
2025-07-05T17:20:51.945+0800 [34mINFO[0m server/server.go:337 Server shut down
2025-07-05T17:20:51.945+0800 [34mINFO[0m server/server.go:352 Server stopped
2025-07-05T17:21:04.353+0800 [34mINFO[0m server/server.go:340 Server starting ( [::]:43696 )
2025-07-05T17:21:04.354+0800 [34mINFO[0m server/server.go:341 Server start success.
2025-07-05T17:21:09.948+0800 [34mINFO[0m service/service.go:488 got stop signal, exit...
2025-07-05T17:21:09.948+0800 [34mINFO[0m server/server.go:334 Server shutting down
2025-07-05T17:21:09.948+0800 [34mINFO[0m server/server.go:352 Server stopped
2025-07-05T17:21:09.948+0800 [34mINFO[0m server/server.go:337 Server shut down
2025-07-05T17:22:16.348+0800 [34mINFO[0m server/server.go:340 Server starting ( [::]:43696 )
2025-07-05T17:22:16.349+0800 [34mINFO[0m server/server.go:341 Server start success.
2025-07-05T17:22:18.724+0800 [34mINFO[0m service/service.go:488 got stop signal, exit...
2025-07-05T17:22:18.724+0800 [34mINFO[0m server/server.go:334 Server shutting down
2025-07-05T17:22:18.725+0800 [34mINFO[0m server/server.go:337 Server shut down
2025-07-05T17:22:18.725+0800 [34mINFO[0m server/server.go:352 Server stopped
2025-07-05T17:23:32.374+0800 [34mINFO[0m server/server.go:340 Server starting ( [::]:43696 )
2025-07-05T17:23:32.375+0800 [34mINFO[0m server/server.go:341 Server start success.
2025-07-05T17:23:50.673+0800 [34mINFO[0m service/service.go:488 got stop signal, exit...
2025-07-05T17:23:50.674+0800 [34mINFO[0m server/server.go:334 Server shutting down
2025-07-05T17:23:50.674+0800 [34mINFO[0m server/server.go:337 Server shut down
2025-07-05T17:23:50.674+0800 [34mINFO[0m server/server.go:352 Server stopped
2025-07-05T17:25:11.677+0800 [34mINFO[0m server/server.go:340 Server starting ( [::]:43696 )
2025-07-05T17:25:11.678+0800 [34mINFO[0m server/server.go:341 Server start success.
2025-07-05T17:25:26.506+0800 [34mINFO[0m service/service.go:488 got stop signal, exit...
2025-07-05T17:25:26.506+0800 [34mINFO[0m server/server.go:334 Server shutting down
2025-07-05T17:25:26.506+0800 [34mINFO[0m server/server.go:337 Server shut down
2025-07-05T17:25:26.506+0800 [34mINFO[0m server/server.go:352 Server stopped
2025-07-05T17:26:36.273+0800 [34mINFO[0m server/server.go:340 Server starting ( [::]:43696 )
2025-07-05T17:26:36.274+0800 [34mINFO[0m server/server.go:341 Server start success.
2025-07-05T17:26:38.630+0800 [34mINFO[0m service/service.go:488 got stop signal, exit...
2025-07-05T17:26:38.630+0800 [34mINFO[0m server/server.go:334 Server shutting down
2025-07-05T17:26:38.630+0800 [34mINFO[0m server/server.go:337 Server shut down
2025-07-05T17:26:38.630+0800 [34mINFO[0m server/server.go:352 Server stopped
2025-07-05T17:27:51.126+0800 [34mINFO[0m server/server.go:340 Server starting ( [::]:43696 )
2025-07-05T17:27:51.128+0800 [34mINFO[0m server/server.go:341 Server start success.
2025-07-05T17:27:54.821+0800 [34mINFO[0m service/service.go:488 got stop signal, exit...
2025-07-05T17:27:54.821+0800 [34mINFO[0m server/server.go:334 Server shutting down
2025-07-05T17:27:54.822+0800 [34mINFO[0m server/server.go:352 Server stopped
2025-07-05T17:27:54.821+0800 [34mINFO[0m server/server.go:337 Server shut down
2025-07-05T17:28:51.527+0800 [34mINFO[0m server/server.go:340 Server starting ( [::]:43696 )
2025-07-05T17:28:51.529+0800 [34mINFO[0m server/server.go:341 Server start success.
2025-07-05T17:28:53.710+0800 [34mINFO[0m service/service.go:488 got stop signal, exit...
2025-07-05T17:28:53.711+0800 [34mINFO[0m server/server.go:334 Server shutting down
2025-07-05T17:28:53.711+0800 [34mINFO[0m server/server.go:337 Server shut down
2025-07-05T17:28:53.711+0800 [34mINFO[0m server/server.go:352 Server stopped
2025-07-05T17:29:29.238+0800 [34mINFO[0m server/server.go:340 Server starting ( [::]:43696 )
2025-07-05T17:29:29.239+0800 [34mINFO[0m server/server.go:341 Server start success.
2025-07-05T17:29:30.928+0800 [34mINFO[0m service/service.go:488 got stop signal, exit...
2025-07-05T17:29:30.928+0800 [34mINFO[0m server/server.go:334 Server shutting down
2025-07-05T17:29:30.929+0800 [34mINFO[0m server/server.go:337 Server shut down
2025-07-05T17:29:30.929+0800 [34mINFO[0m server/server.go:352 Server stopped
2025-07-05T17:29:50.873+0800 [34mINFO[0m server/server.go:340 Server starting ( [::]:43696 )
2025-07-05T17:29:50.875+0800 [34mINFO[0m server/server.go:341 Server start success.
2025-07-05T17:29:52.783+0800 [34mINFO[0m service/service.go:488 got stop signal, exit...
2025-07-05T17:29:52.783+0800 [34mINFO[0m server/server.go:334 Server shutting down
2025-07-05T17:29:52.783+0800 [34mINFO[0m server/server.go:337 Server shut down
2025-07-05T17:29:52.783+0800 [34mINFO[0m server/server.go:352 Server stopped
2025-07-05T17:30:49.475+0800 [34mINFO[0m server/server.go:340 Server starting ( [::]:43696 )
2025-07-05T17:30:49.476+0800 [34mINFO[0m server/server.go:341 Server start success.
2025-07-05T17:30:52.709+0800 [34mINFO[0m service/service.go:488 got stop signal, exit...
2025-07-05T17:30:52.709+0800 [34mINFO[0m server/server.go:334 Server shutting down
2025-07-05T17:30:52.710+0800 [34mINFO[0m server/server.go:337 Server shut down
2025-07-05T17:30:52.710+0800 [34mINFO[0m server/server.go:352 Server stopped
2025-07-05T17:31:06.678+0800 [34mINFO[0m server/server.go:340 Server starting ( [::]:43696 )
2025-07-05T17:31:06.679+0800 [34mINFO[0m server/server.go:341 Server start success.
2025-07-05T17:31:10.270+0800 [34mINFO[0m service/service.go:488 got stop signal, exit...
2025-07-05T17:31:10.270+0800 [34mINFO[0m server/server.go:334 Server shutting down
2025-07-05T17:31:10.271+0800 [34mINFO[0m server/server.go:337 Server shut down
2025-07-05T17:31:10.271+0800 [34mINFO[0m server/server.go:352 Server stopped
2025-07-05T17:31:31.160+0800 [34mINFO[0m server/server.go:340 Server starting ( [::]:43696 )
2025-07-05T17:31:31.162+0800 [34mINFO[0m server/server.go:341 Server start success.
2025-07-05T17:31:44.561+0800 [34mINFO[0m service/service.go:488 got stop signal, exit...
2025-07-05T17:31:44.561+0800 [34mINFO[0m server/server.go:334 Server shutting down
2025-07-05T17:31:44.562+0800 [34mINFO[0m server/server.go:337 Server shut down
2025-07-05T17:31:44.562+0800 [34mINFO[0m server/server.go:352 Server stopped
2025-07-05T17:35:46.712+0800 [34mINFO[0m server/server.go:340 Server starting ( [::]:43696 )
2025-07-05T17:35:46.714+0800 [34mINFO[0m server/server.go:341 Server start success.
2025-07-05T17:35:53.293+0800 [34mINFO[0m service/service.go:488 got stop signal, exit...
2025-07-05T17:35:53.293+0800 [34mINFO[0m server/server.go:334 Server shutting down
2025-07-05T17:35:53.294+0800 [34mINFO[0m server/server.go:337 Server shut down
2025-07-05T17:35:53.294+0800 [34mINFO[0m server/server.go:352 Server stopped
2025-07-05T17:36:09.535+0800 [34mINFO[0m server/server.go:340 Server starting ( [::]:43696 )
2025-07-05T17:36:09.537+0800 [34mINFO[0m server/server.go:341 Server start success.
2025-07-05T17:36:14.983+0800 [34mINFO[0m service/service.go:488 got stop signal, exit...
2025-07-05T17:36:14.983+0800 [34mINFO[0m server/server.go:334 Server shutting down
2025-07-05T17:36:14.984+0800 [34mINFO[0m server/server.go:337 Server shut down
2025-07-05T17:36:14.984+0800 [34mINFO[0m server/server.go:352 Server stopped
2025-07-05T17:36:20.997+0800 [34mINFO[0m server/server.go:340 Server starting ( [::]:43696 )
2025-07-05T17:36:20.997+0800 [34mINFO[0m server/server.go:341 Server start success.
2025-07-05T17:36:26.751+0800 [34mINFO[0m service/service.go:488 got stop signal, exit...
2025-07-05T17:36:26.751+0800 [34mINFO[0m server/server.go:334 Server shutting down
2025-07-05T17:36:26.751+0800 [34mINFO[0m server/server.go:337 Server shut down
2025-07-05T17:36:26.751+0800 [34mINFO[0m server/server.go:352 Server stopped
2025-07-05T17:38:34.266+0800 [34mINFO[0m server/server.go:340 Server starting ( [::]:43696 )
2025-07-05T17:38:34.267+0800 [34mINFO[0m server/server.go:341 Server start success.
2025-07-05T17:38:36.808+0800 [34mINFO[0m service/service.go:488 got stop signal, exit...
2025-07-05T17:38:36.808+0800 [34mINFO[0m server/server.go:334 Server shutting down
2025-07-05T17:38:36.808+0800 [34mINFO[0m server/server.go:337 Server shut down
2025-07-05T17:38:36.808+0800 [34mINFO[0m server/server.go:352 Server stopped
